ERROR   | Reason/Description
#00001  |   Trouble pinging chosen IP or Domain
